2026-04-17 00:58:47,020 INFO request_id=e24135d2-ca8a-4384-bed5-d015c296bb62 request_completed | {'request_id': 'e24135d2-ca8a-4384-bed5-d015c296bb62', 'method': 'GET', 'path': '/healthz', 'status': 200}
2026-05-05 23:48:48,140 INFO request_id=2606406d-2f0e-4f60-8352-2d9e4c88f1b0 request_completed | {'request_id': '2606406d-2f0e-4f60-8352-2d9e4c88f1b0', 'method': 'GET', 'path': '/', 'status': 200}
2026-05-05 23:48:48,253 INFO request_id=ce886588-7ad0-4a91-bf37-82223c4d2a47 request_completed | {'request_id': 'ce886588-7ad0-4a91-bf37-82223c4d2a47', 'method': 'GET', 'path': '/static/style.css', 'status': 200}
2026-05-05 23:48:49,085 INFO request_id=d11c018d-33b5-454d-a424-d05bf6742cff request_completed | {'request_id': 'd11c018d-33b5-454d-a424-d05bf6742cff', 'method': 'GET', 'path': '/favicon.ico', 'status': 404}
2026-05-05 23:48:58,328 INFO request_id=2a191c84-3527-4b35-8ec1-4e68ebcea270 request_completed | {'request_id': '2a191c84-3527-4b35-8ec1-4e68ebcea270', 'method': 'GET', 'path': '/items', 'status': 200}
2026-05-05 23:48:58,367 INFO request_id=558a7fbc-e1a8-4a93-99b0-636b6a62b16e request_completed | {'request_id': '558a7fbc-e1a8-4a93-99b0-636b6a62b16e', 'method': 'GET', 'path': '/static/style.css', 'status': 304}
2026-05-05 23:49:01,979 INFO request_id=73f73b18-b7e2-4184-8a42-91d1636eec80 request_completed | {'request_id': '73f73b18-b7e2-4184-8a42-91d1636eec80', 'method': 'GET', 'path': '/', 'status': 200}
2026-05-05 23:49:02,907 INFO request_id=79f1092f-05c3-4341-982e-c5f5aacf9635 request_completed | {'request_id': '79f1092f-05c3-4341-982e-c5f5aacf9635', 'method': 'GET', 'path': '/users', 'status': 200}
2026-05-05 23:49:02,940 INFO request_id=d9d5a5bd-6ee9-404f-8533-1a006020d37a request_completed | {'request_id': 'd9d5a5bd-6ee9-404f-8533-1a006020d37a', 'method': 'GET', 'path': '/static/style.css', 'status': 304}
2026-05-05 23:49:04,471 INFO request_id=fbef3248-6212-46ff-9167-fa20c3f16d47 request_completed | {'request_id': 'fbef3248-6212-46ff-9167-fa20c3f16d47', 'method': 'GET', 'path': '/orders', 'status': 200}
2026-05-05 23:49:04,502 INFO request_id=335b3654-40eb-482e-8db1-b46718e94e3c request_completed | {'request_id': '335b3654-40eb-482e-8db1-b46718e94e3c', 'method': 'GET', 'path': '/static/style.css', 'status': 304}
2026-05-05 23:49:05,885 INFO request_id=d6fe622b-4ce4-4527-b58a-a206b7948c3a request_completed | {'request_id': 'd6fe622b-4ce4-4527-b58a-a206b7948c3a', 'method': 'GET', 'path': '/queries', 'status': 200}
2026-05-05 23:49:05,918 INFO request_id=c0b0ac49-453e-43b9-a298-a2d56388bbea request_completed | {'request_id': 'c0b0ac49-453e-43b9-a298-a2d56388bbea', 'method': 'GET', 'path': '/static/style.css', 'status': 304}
2026-05-05 23:49:07,536 INFO request_id=7aa1dcb8-911a-4b6f-b803-8d22a235bca4 request_completed | {'request_id': '7aa1dcb8-911a-4b6f-b803-8d22a235bca4', 'method': 'GET', 'path': '/report', 'status': 200}
2026-05-05 23:49:07,560 INFO request_id=da3cf543-04a3-46a1-a604-aa7216720034 request_completed | {'request_id': 'da3cf543-04a3-46a1-a604-aa7216720034', 'method': 'GET', 'path': '/static/style.css', 'status': 304}
2026-05-05 23:49:10,718 INFO request_id=91c455dd-73f6-4a56-a9b3-8bd77e36a669 request_completed | {'request_id': '91c455dd-73f6-4a56-a9b3-8bd77e36a669', 'method': 'GET', 'path': '/users', 'status': 200}
2026-05-05 23:49:10,740 INFO request_id=ca242b81-2816-4b9e-a975-82a31c72b312 request_completed | {'request_id': 'ca242b81-2816-4b9e-a975-82a31c72b312', 'method': 'GET', 'path': '/static/style.css', 'status': 304}
2026-05-05 23:49:11,295 INFO request_id=fb9c5a05-acfe-4ac7-b4c3-509c6e0f28af request_completed | {'request_id': 'fb9c5a05-acfe-4ac7-b4c3-509c6e0f28af', 'method': 'GET', 'path': '/orders', 'status': 200}
2026-05-05 23:49:11,318 INFO request_id=a58688b2-cc08-4632-8281-5b8d687f2f25 request_completed | {'request_id': 'a58688b2-cc08-4632-8281-5b8d687f2f25', 'method': 'GET', 'path': '/static/style.css', 'status': 304}
2026-05-05 23:49:11,690 INFO request_id=899aa30a-b753-43f3-b338-5ccd4b377ef9 request_completed | {'request_id': '899aa30a-b753-43f3-b338-5ccd4b377ef9', 'method': 'GET', 'path': '/queries', 'status': 200}
2026-05-05 23:49:11,714 INFO request_id=5126d2ea-22b5-4920-a4ec-85add9097553 request_completed | {'request_id': '5126d2ea-22b5-4920-a4ec-85add9097553', 'method': 'GET', 'path': '/static/style.css', 'status': 304}
2026-05-05 23:49:12,081 INFO request_id=a1438def-c37c-4567-862d-c9ef5c5aa6bc request_completed | {'request_id': 'a1438def-c37c-4567-862d-c9ef5c5aa6bc', 'method': 'GET', 'path': '/report', 'status': 200}
2026-05-05 23:49:12,109 INFO request_id=8bdfb8cf-b980-47d7-8f56-d0d6d069469a request_completed | {'request_id': '8bdfb8cf-b980-47d7-8f56-d0d6d069469a', 'method': 'GET', 'path': '/static/style.css', 'status': 304}
2026-05-05 23:49:12,563 INFO request_id=dafb90e9-2146-435b-ba95-1b14b85e5f3f request_completed | {'request_id': 'dafb90e9-2146-435b-ba95-1b14b85e5f3f', 'method': 'GET', 'path': '/queries', 'status': 200}
2026-05-05 23:49:12,587 INFO request_id=0101f3f2-f557-4378-9df2-19d548929dcb request_completed | {'request_id': '0101f3f2-f557-4378-9df2-19d548929dcb', 'method': 'GET', 'path': '/static/style.css', 'status': 304}
2026-05-05 23:49:12,923 INFO request_id=3997df0a-752a-40ca-9742-c1dfb287ab17 request_completed | {'request_id': '3997df0a-752a-40ca-9742-c1dfb287ab17', 'method': 'GET', 'path': '/orders', 'status': 200}
2026-05-05 23:49:12,944 INFO request_id=b7a0f0b0-c444-44c5-a7ec-e2bd5e4f2864 request_completed | {'request_id': 'b7a0f0b0-c444-44c5-a7ec-e2bd5e4f2864', 'method': 'GET', 'path': '/static/style.css', 'status': 304}
2026-05-05 23:49:13,837 INFO request_id=74e57ad0-df88-471b-9ced-9d162a0ef1fe request_completed | {'request_id': '74e57ad0-df88-471b-9ced-9d162a0ef1fe', 'method': 'GET', 'path': '/report', 'status': 200}
2026-05-05 23:49:13,865 INFO request_id=bde69217-86e1-4c23-a50d-9d78f4f191e0 request_completed | {'request_id': 'bde69217-86e1-4c23-a50d-9d78f4f191e0', 'method': 'GET', 'path': '/static/style.css', 'status': 304}
2026-05-05 23:50:35,211 INFO request_id=a72426be-68ae-4847-bc67-79141152fed4 request_completed | {'request_id': 'a72426be-68ae-4847-bc67-79141152fed4', 'method': 'GET', 'path': '/report', 'status': 200}
2026-05-05 23:50:35,219 INFO request_id=ca9fc308-e5b2-49b4-85be-229a08949a4f request_completed | {'request_id': 'ca9fc308-e5b2-49b4-85be-229a08949a4f', 'method': 'GET', 'path': '/static/style.css', 'status': 304}
2026-05-05 23:50:38,239 INFO request_id=25388a9b-882b-4a45-87a2-47b0c9f7cd2e request_completed | {'request_id': '25388a9b-882b-4a45-87a2-47b0c9f7cd2e', 'method': 'GET', 'path': '/items', 'status': 200}
2026-05-05 23:50:38,261 INFO request_id=fd269a10-355b-4c6a-96d5-9bbaba48856e request_completed | {'request_id': 'fd269a10-355b-4c6a-96d5-9bbaba48856e', 'method': 'GET', 'path': '/static/style.css', 'status': 304}
2026-05-05 23:50:38,738 INFO request_id=75c151d5-9a86-4a8e-9808-6c4cacf36ce2 request_completed | {'request_id': '75c151d5-9a86-4a8e-9808-6c4cacf36ce2', 'method': 'GET', 'path': '/users', 'status': 200}
2026-05-05 23:50:38,761 INFO request_id=85071308-ef27-4eda-ad1e-75dab9155811 request_completed | {'request_id': '85071308-ef27-4eda-ad1e-75dab9155811', 'method': 'GET', 'path': '/static/style.css', 'status': 304}
2026-05-05 23:50:39,128 INFO request_id=e3d9a2a9-83ff-4482-91df-b56fcc709ae9 request_completed | {'request_id': 'e3d9a2a9-83ff-4482-91df-b56fcc709ae9', 'method': 'GET', 'path': '/orders', 'status': 200}
2026-05-05 23:50:39,148 INFO request_id=7976f4a8-1575-45aa-8918-59cc95df6724 request_completed | {'request_id': '7976f4a8-1575-45aa-8918-59cc95df6724', 'method': 'GET', 'path': '/static/style.css', 'status': 304}
2026-05-05 23:50:39,557 INFO request_id=3662545d-7fd8-4e35-9b8e-13fbe8d2210d request_completed | {'request_id': '3662545d-7fd8-4e35-9b8e-13fbe8d2210d', 'method': 'GET', 'path': '/queries', 'status': 200}
2026-05-05 23:50:39,581 INFO request_id=3079b75b-ae13-488f-93b7-501b05f059c6 request_completed | {'request_id': '3079b75b-ae13-488f-93b7-501b05f059c6', 'method': 'GET', 'path': '/static/style.css', 'status': 304}
2026-05-05 23:50:39,897 INFO request_id=57edde1e-69bc-4b95-9d3f-f642f2e1a2bd request_completed | {'request_id': '57edde1e-69bc-4b95-9d3f-f642f2e1a2bd', 'method': 'GET', 'path': '/report', 'status': 200}
2026-05-05 23:50:39,926 INFO request_id=4d438dc1-a67e-46b0-8542-a061e5364337 request_completed | {'request_id': '4d438dc1-a67e-46b0-8542-a061e5364337', 'method': 'GET', 'path': '/static/style.css', 'status': 304}
2026-05-05 23:50:40,517 INFO request_id=fa0cd593-1fc3-45eb-9696-b6d9757519e4 request_completed | {'request_id': 'fa0cd593-1fc3-45eb-9696-b6d9757519e4', 'method': 'GET', 'path': '/', 'status': 200}
2026-05-05 23:50:40,540 INFO request_id=79293546-ef52-4f78-9aea-c43291432dbd request_completed | {'request_id': '79293546-ef52-4f78-9aea-c43291432dbd', 'method': 'GET', 'path': '/static/style.css', 'status': 304}
2026-05-05 23:50:41,025 INFO request_id=8a09686d-5d8d-4876-9730-d34af545dcfa request_completed | {'request_id': '8a09686d-5d8d-4876-9730-d34af545dcfa', 'method': 'GET', 'path': '/items', 'status': 200}
2026-05-05 23:50:41,036 INFO request_id=56fda717-1b4a-4ac2-85e7-b17fad6064a8 request_completed | {'request_id': '56fda717-1b4a-4ac2-85e7-b17fad6064a8', 'method': 'GET', 'path': '/static/style.css', 'status': 304}
2026-05-05 23:50:41,520 INFO request_id=dbdaa8f3-9259-4507-bafc-6279167421e1 request_completed | {'request_id': 'dbdaa8f3-9259-4507-bafc-6279167421e1', 'method': 'GET', 'path': '/users', 'status': 200}
2026-05-05 23:50:41,542 INFO request_id=546b6d13-d0e7-4b5b-9443-f3bc7fa7f0d8 request_completed | {'request_id': '546b6d13-d0e7-4b5b-9443-f3bc7fa7f0d8', 'method': 'GET', 'path': '/static/style.css', 'status': 304}
2026-05-05 23:50:41,796 INFO request_id=492f8e38-1ea7-4c9d-b4cb-1696419cc976 request_completed | {'request_id': '492f8e38-1ea7-4c9d-b4cb-1696419cc976', 'method': 'GET', 'path': '/orders', 'status': 200}
2026-05-05 23:50:41,829 INFO request_id=e08628df-c1de-47f4-94ac-96369b0df441 request_completed | {'request_id': 'e08628df-c1de-47f4-94ac-96369b0df441', 'method': 'GET', 'path': '/static/style.css', 'status': 304}
2026-05-05 23:50:42,148 INFO request_id=4efe85aa-a773-4c06-8aaa-4d65521ebb72 request_completed | {'request_id': '4efe85aa-a773-4c06-8aaa-4d65521ebb72', 'method': 'GET', 'path': '/queries', 'status': 200}
2026-05-05 23:50:42,161 INFO request_id=6c3683a6-5c30-42ee-826c-918cce0590f0 request_completed | {'request_id': '6c3683a6-5c30-42ee-826c-918cce0590f0', 'method': 'GET', 'path': '/static/style.css', 'status': 304}
2026-05-05 23:50:42,382 INFO request_id=d088e5cc-95ae-4b53-a182-6200113edf85 request_completed | {'request_id': 'd088e5cc-95ae-4b53-a182-6200113edf85', 'method': 'GET', 'path': '/report', 'status': 200}
2026-05-05 23:50:42,406 INFO request_id=109f8b4e-7589-4e68-8e5b-7524cbab5dd2 request_completed | {'request_id': '109f8b4e-7589-4e68-8e5b-7524cbab5dd2', 'method': 'GET', 'path': '/static/style.css', 'status': 304}
2026-05-05 23:50:42,735 INFO request_id=2fef2a24-08b2-4cc6-b756-79f2e8e456e2 request_completed | {'request_id': '2fef2a24-08b2-4cc6-b756-79f2e8e456e2', 'method': 'GET', 'path': '/queries', 'status': 200}
2026-05-05 23:50:42,757 INFO request_id=5ec84861-5192-4f9e-8578-fddbfb5e149e request_completed | {'request_id': '5ec84861-5192-4f9e-8578-fddbfb5e149e', 'method': 'GET', 'path': '/static/style.css', 'status': 304}
2026-05-05 23:50:42,997 INFO request_id=fe5079cc-31e4-4d6e-9286-7ef756442d72 request_completed | {'request_id': 'fe5079cc-31e4-4d6e-9286-7ef756442d72', 'method': 'GET', 'path': '/orders', 'status': 200}
2026-05-05 23:50:43,030 INFO request_id=0dabe48e-8a6a-4550-bc51-43c99eb25490 request_completed | {'request_id': '0dabe48e-8a6a-4550-bc51-43c99eb25490', 'method': 'GET', 'path': '/static/style.css', 'status': 304}
2026-05-05 23:50:43,378 INFO request_id=dd568fbd-3675-4338-97aa-31ca579aa659 request_completed | {'request_id': 'dd568fbd-3675-4338-97aa-31ca579aa659', 'method': 'GET', 'path': '/users', 'status': 200}
2026-05-05 23:50:43,390 INFO request_id=fc1eab69-df9d-4ec5-9ed5-7426511738f9 request_completed | {'request_id': 'fc1eab69-df9d-4ec5-9ed5-7426511738f9', 'method': 'GET', 'path': '/static/style.css', 'status': 304}
2026-05-05 23:50:43,740 INFO request_id=e271591c-4871-45d1-8c54-5b80207fc2be request_completed | {'request_id': 'e271591c-4871-45d1-8c54-5b80207fc2be', 'method': 'GET', 'path': '/items', 'status': 200}
2026-05-05 23:50:43,763 INFO request_id=2ec6ff6f-aeab-4fe9-a6f9-ae6561430e46 request_completed | {'request_id': '2ec6ff6f-aeab-4fe9-a6f9-ae6561430e46', 'method': 'GET', 'path': '/static/style.css', 'status': 304}
2026-05-05 23:50:44,020 INFO request_id=d618004f-3e2d-4229-aaa9-05d4d07cd2a9 request_completed | {'request_id': 'd618004f-3e2d-4229-aaa9-05d4d07cd2a9', 'method': 'GET', 'path': '/', 'status': 200}
2026-05-05 23:50:44,036 INFO request_id=6ea320d0-8f1f-4576-821c-b1b6326ff4f8 request_completed | {'request_id': '6ea320d0-8f1f-4576-821c-b1b6326ff4f8', 'method': 'GET', 'path': '/static/style.css', 'status': 304}
